2026-05-18 21:09:42,160 - twister - INFO - Using Ninja..
2026-05-18 21:09:42,318 - twister - INFO - Zephyr version: v4.2.0
2026-05-18 21:09:42,324 - twister - DEBUG - Running cmake script /home/luni/workspace/deps/zephyr/cmake/verify-toolchain.cmake
2026-05-18 21:09:42,324 - twister - DEBUG - Calling cmake: /usr/bin/cmake -DFORMAT=json -P /home/luni/workspace/deps/zephyr/cmake/verify-toolchain.cmake
2026-05-18 21:09:42,613 - twister - DEBUG - Finished running /home/luni/workspace/deps/zephyr/cmake/verify-toolchain.cmake
2026-05-18 21:09:42,613 - twister - INFO - Using 'zephyr' toolchain.
2026-05-18 21:09:44,409 - twister - DEBUG - Reading testsuite configuration files under /home/luni/workspace/zephyr-course/tests/ring_buf...
2026-05-18 21:09:44,409 - twister - DEBUG - Found possible testsuite in /home/luni/workspace/zephyr-course/tests/ring_buf
2026-05-18 21:09:44,413 - twister - DEBUG - No duplicates found.
2026-05-18 21:09:44,413 - twister - DEBUG - platform filter: ['native_sim']
2026-05-18 21:09:44,413 - twister - DEBUG -   vendor filter: []
2026-05-18 21:09:44,413 - twister - DEBUG -     arch_filter: None
2026-05-18 21:09:44,413 - twister - DEBUG -      tag_filter: None
2026-05-18 21:09:44,413 - twister - DEBUG -     exclude_tag: None
2026-05-18 21:09:44,413 - twister - DEBUG - Checking platform filter: ['native_sim']
2026-05-18 21:09:44,413 - twister - INFO - Building initial testsuite list...
2026-05-18 21:09:44,414 - twister - INFO - Writing JSON report /home/luni/workspace/zephyr-course/twister-out/testplan.json
2026-05-18 21:09:44,439 - twister - INFO - JOBS: 6
2026-05-18 21:09:44,440 - twister - INFO - Adding tasks to the queue...
2026-05-18 21:09:44,440 - twister - DEBUG - adding native_sim/native/host/homework.unit.ring_buf
2026-05-18 21:09:44,444 - twister - INFO - Added initial list of jobs to queue
2026-05-18 21:09:44,456 - twister - DEBUG - Running cmake on /home/luni/workspace/zephyr-course/tests/ring_buf for native_sim/native
2026-05-18 21:09:44,457 - twister - DEBUG - Calling cmake: /usr/bin/cmake -B/home/luni/workspace/zephyr-course/twister-out/native_sim_native/host/homework.unit.ring_buf -DTC_RUNID=aa9034d6f4c3264dad614b630bbc29b4 -DTC_NAME=homework.unit.ring_buf -DCONFIG_COMPILER_WARNINGS_AS_ERRORS=y -DEXTRA_GEN_EDT_ARGS=--edtlib-Werror -GNinja -DPython3_EXECUTABLE=/home/luni/zephyrproject/.venv/bin/python3 -DZEPHYR_TOOLCHAIN_VARIANT=host -S/home/luni/workspace/zephyr-course/tests/ring_buf -DBOARD=native_sim/native
2026-05-18 21:09:44,467 - twister - DEBUG - Launched 6 jobs
2026-05-18 21:09:51,735 - twister - DEBUG - Finished running cmake /home/luni/workspace/zephyr-course/tests/ring_buf for native_sim/native in 7.27 seconds
2026-05-18 21:09:51,738 - twister - DEBUG - build test: native_sim/native/host/homework.unit.ring_buf
2026-05-18 21:09:51,738 - twister - DEBUG - Building /home/luni/workspace/zephyr-course/tests/ring_buf for native_sim/native
2026-05-18 21:09:51,739 - twister - DEBUG - Running /usr/bin/cmake --build /home/luni/workspace/zephyr-course/twister-out/native_sim_native/host/homework.unit.ring_buf
2026-05-18 21:09:54,387 - twister - DEBUG - Finished building /home/luni/workspace/zephyr-course/tests/ring_buf for native_sim/native in 2.65 seconds
2026-05-18 21:09:54,387 - twister - DEBUG - Determine test cases for test instance: native_sim/native/host/homework.unit.ring_buf
2026-05-18 21:09:54,387 - twister - DEBUG - Determine test cases for test suite: homework.unit.ring_buf
2026-05-18 21:09:54,434 - twister - DEBUG - Test instance native_sim/native/host/homework.unit.ring_buf already has 8 testcase(s) known: [<TestCase homework.unit.ring_buf.ring_buf_boundaries.peek_does_not_consume with None>, <TestCase homework.unit.ring_buf.ring_buf_push_pop.fifo_order with None>, <TestCase homework.unit.ring_buf.ring_buf_init.reinit_clears_state with None>, <TestCase homework.unit.ring_buf.ring_buf_push_pop.single_push_pop with None>, <TestCase homework.unit.ring_buf.ring_buf_boundaries.pop_null_returns_einval with None>, <TestCase homework.unit.ring_buf.ring_buf_push_pop.push_full_returns_enospc with None>, <TestCase homework.unit.ring_buf.ring_buf_boundaries.is_full_after_fill with None>, <TestCase homework.unit.ring_buf.ring_buf_init.fresh_state with None>]
2026-05-18 21:09:54,434 - twister - DEBUG - Detected 8 Ztest case(s): [homework.unit.ring_buf.ring_buf_boundaries.is_full_after_fill, homework.unit.ring_buf.ring_buf_boundaries.pop_null_returns_einval, homework.unit.ring_buf.ring_buf_boundaries.peek_does_not_consume, homework.unit.ring_buf.ring_buf_push_pop.push_full_returns_enospc, homework.unit.ring_buf.ring_buf_push_pop.fifo_order, homework.unit.ring_buf.ring_buf_push_pop.single_push_pop, homework.unit.ring_buf.ring_buf_init.reinit_clears_state, homework.unit.ring_buf.ring_buf_init.fresh_state] in /home/luni/workspace/zephyr-course/twister-out/native_sim_native/host/homework.unit.ring_buf/zephyr/zephyr.elf
2026-05-18 21:09:54,437 - twister - DEBUG - run test: native_sim/native/host/homework.unit.ring_buf
2026-05-18 21:09:54,437 - twister - DEBUG - Reset instance status from 'passed' to None before run.
2026-05-18 21:09:54,438 - twister - DEBUG - Spawning process: /home/luni/workspace/zephyr-course/twister-out/native_sim_native/host/homework.unit.ring_buf/zephyr/zephyr.exe
in directory: /home/luni/workspace/zephyr-course/twister-out/native_sim_native/host/homework.unit.ring_buf
2026-05-18 21:09:54,438 - twister - DEBUG - Spawning BinaryHandler Thread for native_sim/native/host/homework.unit.ring_buf
2026-05-18 21:09:54,448 - twister - DEBUG - OUTPUT: *** Booting Zephyr OS build v4.2.0 ***
2026-05-18 21:09:54,448 - twister - DEBUG - OUTPUT: Running TESTSUITE ring_buf_boundaries
2026-05-18 21:09:54,449 - twister - DEBUG - OUTPUT: ===================================================================
2026-05-18 21:09:54,449 - twister - DEBUG - OUTPUT: START - test_pop_null_returns_einval
2026-05-18 21:09:54,449 - twister - DEBUG - OUTPUT: [00:00:00.000,000] [1;31m<err> ring_buf: value pointer is NULL[0m
2026-05-18 21:09:54,449 - twister - DEBUG - OUTPUT:  PASS - test_pop_null_returns_einval in 0.000 seconds
2026-05-18 21:09:54,449 - twister - DEBUG - OUTPUT: ===================================================================
2026-05-18 21:09:54,449 - twister - DEBUG - OUTPUT: START - test_is_full_after_fill
2026-05-18 21:09:54,449 - twister - DEBUG - OUTPUT:  PASS - test_is_full_after_fill in 0.000 seconds
2026-05-18 21:09:54,450 - twister - DEBUG - OUTPUT: ===================================================================
2026-05-18 21:09:54,450 - twister - DEBUG - OUTPUT: START - test_peek_does_not_consume
2026-05-18 21:09:54,450 - twister - DEBUG - OUTPUT:  PASS - test_peek_does_not_consume in 0.000 seconds
2026-05-18 21:09:54,450 - twister - DEBUG - OUTPUT: ===================================================================
2026-05-18 21:09:54,450 - twister - DEBUG - OUTPUT: START - test_peek_does_not_consume
2026-05-18 21:09:54,450 - twister - DEBUG - OUTPUT:  PASS - test_peek_does_not_consume in 0.000 seconds
2026-05-18 21:09:54,450 - twister - DEBUG - OUTPUT: ===================================================================
2026-05-18 21:09:54,450 - twister - DEBUG - OUTPUT: START - test_is_full_after_fill
2026-05-18 21:09:54,451 - twister - DEBUG - OUTPUT:  PASS - test_is_full_after_fill in 0.000 seconds
2026-05-18 21:09:54,451 - twister - DEBUG - OUTPUT: ===================================================================
2026-05-18 21:09:54,451 - twister - DEBUG - OUTPUT: START - test_pop_null_returns_einval
2026-05-18 21:09:54,451 - twister - DEBUG - OUTPUT: [00:00:00.000,000] [1;31m<err> ring_buf: value pointer is NULL[0m
2026-05-18 21:09:54,451 - twister - DEBUG - OUTPUT:  PASS - test_pop_null_returns_einval in 0.000 seconds
2026-05-18 21:09:54,451 - twister - DEBUG - OUTPUT: ===================================================================
2026-05-18 21:09:54,451 - twister - DEBUG - OUTPUT: START - test_peek_does_not_consume
2026-05-18 21:09:54,452 - twister - DEBUG - OUTPUT:  PASS - test_peek_does_not_consume in 0.000 seconds
2026-05-18 21:09:54,452 - twister - DEBUG - OUTPUT: ===================================================================
2026-05-18 21:09:54,452 - twister - DEBUG - OUTPUT: START - test_pop_null_returns_einval
2026-05-18 21:09:54,452 - twister - DEBUG - OUTPUT: [00:00:00.000,000] [1;31m<err> ring_buf: value pointer is NULL[0m
2026-05-18 21:09:54,452 - twister - DEBUG - OUTPUT:  PASS - test_pop_null_returns_einval in 0.000 seconds
2026-05-18 21:09:54,452 - twister - DEBUG - OUTPUT: ===================================================================
2026-05-18 21:09:54,452 - twister - DEBUG - OUTPUT: START - test_is_full_after_fill
2026-05-18 21:09:54,452 - twister - DEBUG - OUTPUT:  PASS - test_is_full_after_fill in 0.000 seconds
2026-05-18 21:09:54,452 - twister - DEBUG - OUTPUT: ===================================================================
2026-05-18 21:09:54,453 - twister - DEBUG - OUTPUT: TESTSUITE ring_buf_boundaries succeeded
2026-05-18 21:09:54,453 - twister - DEBUG - OUTPUT: Running TESTSUITE ring_buf_boundaries
2026-05-18 21:09:54,453 - twister - DEBUG - OUTPUT: ===================================================================
2026-05-18 21:09:54,453 - twister - DEBUG - OUTPUT: START - test_peek_does_not_consume
2026-05-18 21:09:54,453 - twister - DEBUG - OUTPUT:  PASS - test_peek_does_not_consume in 0.000 seconds
2026-05-18 21:09:54,453 - twister - DEBUG - OUTPUT: ===================================================================
2026-05-18 21:09:54,453 - twister - DEBUG - OUTPUT: START - test_is_full_after_fill
2026-05-18 21:09:54,453 - twister - DEBUG - OUTPUT:  PASS - test_is_full_after_fill in 0.000 seconds
2026-05-18 21:09:54,454 - twister - DEBUG - OUTPUT: ===================================================================
2026-05-18 21:09:54,454 - twister - DEBUG - OUTPUT: START - test_pop_null_returns_einval
2026-05-18 21:09:54,454 - twister - DEBUG - OUTPUT: [00:00:00.000,000] [1;31m<err> ring_buf: value pointer is NULL[0m
2026-05-18 21:09:54,454 - twister - DEBUG - OUTPUT:  PASS - test_pop_null_returns_einval in 0.000 seconds
2026-05-18 21:09:54,454 - twister - DEBUG - OUTPUT: ===================================================================
2026-05-18 21:09:54,454 - twister - DEBUG - OUTPUT: START - test_peek_does_not_consume
2026-05-18 21:09:54,455 - twister - DEBUG - OUTPUT:  PASS - test_peek_does_not_consume in 0.000 seconds
2026-05-18 21:09:54,455 - twister - DEBUG - OUTPUT: ===================================================================
2026-05-18 21:09:54,455 - twister - DEBUG - OUTPUT: START - test_is_full_after_fill
2026-05-18 21:09:54,455 - twister - DEBUG - OUTPUT:  PASS - test_is_full_after_fill in 0.000 seconds
2026-05-18 21:09:54,455 - twister - DEBUG - OUTPUT: ===================================================================
2026-05-18 21:09:54,455 - twister - DEBUG - OUTPUT: START - test_pop_null_returns_einval
2026-05-18 21:09:54,455 - twister - DEBUG - OUTPUT: [00:00:00.000,000] [1;31m<err> ring_buf: value pointer is NULL[0m
2026-05-18 21:09:54,456 - twister - DEBUG - OUTPUT:  PASS - test_pop_null_returns_einval in 0.000 seconds
2026-05-18 21:09:54,456 - twister - DEBUG - OUTPUT: ===================================================================
2026-05-18 21:09:54,456 - twister - DEBUG - OUTPUT: START - test_is_full_after_fill
2026-05-18 21:09:54,456 - twister - DEBUG - OUTPUT:  PASS - test_is_full_after_fill in 0.000 seconds
2026-05-18 21:09:54,456 - twister - DEBUG - OUTPUT: ===================================================================
2026-05-18 21:09:54,456 - twister - DEBUG - OUTPUT: START - test_peek_does_not_consume
2026-05-18 21:09:54,456 - twister - DEBUG - OUTPUT:  PASS - test_peek_does_not_consume in 0.000 seconds
2026-05-18 21:09:54,456 - twister - DEBUG - OUTPUT: ===================================================================
2026-05-18 21:09:54,457 - twister - DEBUG - OUTPUT: START - test_pop_null_returns_einval
2026-05-18 21:09:54,457 - twister - DEBUG - OUTPUT: [00:00:00.000,000] [1;31m<err> ring_buf: value pointer is NULL[0m
2026-05-18 21:09:54,457 - twister - DEBUG - OUTPUT:  PASS - test_pop_null_returns_einval in 0.000 seconds
2026-05-18 21:09:54,457 - twister - DEBUG - OUTPUT: ===================================================================
2026-05-18 21:09:54,457 - twister - DEBUG - OUTPUT: TESTSUITE ring_buf_boundaries succeeded
2026-05-18 21:09:54,457 - twister - DEBUG - OUTPUT: Running TESTSUITE ring_buf_boundaries
2026-05-18 21:09:54,458 - twister - DEBUG - OUTPUT: ===================================================================
2026-05-18 21:09:54,458 - twister - DEBUG - OUTPUT: START - test_is_full_after_fill
2026-05-18 21:09:54,458 - twister - DEBUG - OUTPUT:  PASS - test_is_full_after_fill in 0.000 seconds
2026-05-18 21:09:54,458 - twister - DEBUG - OUTPUT: ===================================================================
2026-05-18 21:09:54,458 - twister - DEBUG - OUTPUT: START - test_peek_does_not_consume
2026-05-18 21:09:54,459 - twister - DEBUG - OUTPUT:  PASS - test_peek_does_not_consume in 0.000 seconds
2026-05-18 21:09:54,459 - twister - DEBUG - OUTPUT: ===================================================================
2026-05-18 21:09:54,459 - twister - DEBUG - OUTPUT: START - test_pop_null_returns_einval
2026-05-18 21:09:54,459 - twister - DEBUG - OUTPUT: [00:00:00.000,000] [1;31m<err> ring_buf: value pointer is NULL[0m
2026-05-18 21:09:54,459 - twister - DEBUG - OUTPUT:  PASS - test_pop_null_returns_einval in 0.000 seconds
2026-05-18 21:09:54,459 - twister - DEBUG - OUTPUT: ===================================================================
2026-05-18 21:09:54,459 - twister - DEBUG - OUTPUT: START - test_peek_does_not_consume
2026-05-18 21:09:54,460 - twister - DEBUG - OUTPUT:  PASS - test_peek_does_not_consume in 0.000 seconds
2026-05-18 21:09:54,460 - twister - DEBUG - OUTPUT: ===================================================================
2026-05-18 21:09:54,460 - twister - DEBUG - OUTPUT: START - test_pop_null_returns_einval
2026-05-18 21:09:54,460 - twister - DEBUG - OUTPUT: [00:00:00.000,000] [1;31m<err> ring_buf: value pointer is NULL[0m
2026-05-18 21:09:54,460 - twister - DEBUG - OUTPUT:  PASS - test_pop_null_returns_einval in 0.000 seconds
2026-05-18 21:09:54,460 - twister - DEBUG - OUTPUT: ===================================================================
2026-05-18 21:09:54,460 - twister - DEBUG - OUTPUT: START - test_is_full_after_fill
2026-05-18 21:09:54,460 - twister - DEBUG - OUTPUT:  PASS - test_is_full_after_fill in 0.000 seconds
2026-05-18 21:09:54,461 - twister - DEBUG - OUTPUT: ===================================================================
2026-05-18 21:09:54,461 - twister - DEBUG - OUTPUT: START - test_peek_does_not_consume
2026-05-18 21:09:54,461 - twister - DEBUG - OUTPUT:  PASS - test_peek_does_not_consume in 0.000 seconds
2026-05-18 21:09:54,461 - twister - DEBUG - OUTPUT: ===================================================================
2026-05-18 21:09:54,461 - twister - DEBUG - OUTPUT: START - test_pop_null_returns_einval
2026-05-18 21:09:54,461 - twister - DEBUG - OUTPUT: [00:00:00.000,000] [1;31m<err> ring_buf: value pointer is NULL[0m
2026-05-18 21:09:54,461 - twister - DEBUG - OUTPUT:  PASS - test_pop_null_returns_einval in 0.000 seconds
2026-05-18 21:09:54,462 - twister - DEBUG - OUTPUT: ===================================================================
2026-05-18 21:09:54,462 - twister - DEBUG - OUTPUT: START - test_is_full_after_fill
2026-05-18 21:09:54,462 - twister - DEBUG - OUTPUT:  PASS - test_is_full_after_fill in 0.000 seconds
2026-05-18 21:09:54,462 - twister - DEBUG - OUTPUT: ===================================================================
2026-05-18 21:09:54,462 - twister - DEBUG - OUTPUT: TESTSUITE ring_buf_boundaries succeeded
2026-05-18 21:09:54,462 - twister - DEBUG - OUTPUT: Running TESTSUITE ring_buf_init
2026-05-18 21:09:54,462 - twister - DEBUG - OUTPUT: ===================================================================
2026-05-18 21:09:54,462 - twister - DEBUG - OUTPUT: START - test_reinit_clears_state
2026-05-18 21:09:54,462 - twister - DEBUG - OUTPUT:  PASS - test_reinit_clears_state in 0.000 seconds
2026-05-18 21:09:54,463 - twister - DEBUG - OUTPUT: ===================================================================
2026-05-18 21:09:54,463 - twister - DEBUG - OUTPUT: START - test_fresh_state
2026-05-18 21:09:54,463 - twister - DEBUG - OUTPUT:  PASS - test_fresh_state in 0.000 seconds
2026-05-18 21:09:54,463 - twister - DEBUG - OUTPUT: ===================================================================
2026-05-18 21:09:54,463 - twister - DEBUG - OUTPUT: START - test_reinit_clears_state
2026-05-18 21:09:54,463 - twister - DEBUG - OUTPUT:  PASS - test_reinit_clears_state in 0.000 seconds
2026-05-18 21:09:54,463 - twister - DEBUG - OUTPUT: ===================================================================
2026-05-18 21:09:54,464 - twister - DEBUG - OUTPUT: START - test_fresh_state
2026-05-18 21:09:54,464 - twister - DEBUG - OUTPUT:  PASS - test_fresh_state in 0.000 seconds
2026-05-18 21:09:54,464 - twister - DEBUG - OUTPUT: ===================================================================
2026-05-18 21:09:54,464 - twister - DEBUG - OUTPUT: START - test_reinit_clears_state
2026-05-18 21:09:54,464 - twister - DEBUG - OUTPUT:  PASS - test_reinit_clears_state in 0.000 seconds
2026-05-18 21:09:54,465 - twister - DEBUG - OUTPUT: ===================================================================
2026-05-18 21:09:54,465 - twister - DEBUG - OUTPUT: START - test_fresh_state
2026-05-18 21:09:54,465 - twister - DEBUG - OUTPUT:  PASS - test_fresh_state in 0.000 seconds
2026-05-18 21:09:54,465 - twister - DEBUG - OUTPUT: ===================================================================
2026-05-18 21:09:54,465 - twister - DEBUG - OUTPUT: TESTSUITE ring_buf_init succeeded
2026-05-18 21:09:54,465 - twister - DEBUG - OUTPUT: Running TESTSUITE ring_buf_init
2026-05-18 21:09:54,466 - twister - DEBUG - OUTPUT: ===================================================================
2026-05-18 21:09:54,466 - twister - DEBUG - OUTPUT: START - test_fresh_state
2026-05-18 21:09:54,466 - twister - DEBUG - OUTPUT:  PASS - test_fresh_state in 0.000 seconds
2026-05-18 21:09:54,466 - twister - DEBUG - OUTPUT: ===================================================================
2026-05-18 21:09:54,466 - twister - DEBUG - OUTPUT: START - test_reinit_clears_state
2026-05-18 21:09:54,466 - twister - DEBUG - OUTPUT:  PASS - test_reinit_clears_state in 0.000 seconds
2026-05-18 21:09:54,466 - twister - DEBUG - OUTPUT: ===================================================================
2026-05-18 21:09:54,466 - twister - DEBUG - OUTPUT: START - test_fresh_state
2026-05-18 21:09:54,466 - twister - DEBUG - OUTPUT:  PASS - test_fresh_state in 0.000 seconds
2026-05-18 21:09:54,467 - twister - DEBUG - OUTPUT: ===================================================================
2026-05-18 21:09:54,467 - twister - DEBUG - OUTPUT: START - test_reinit_clears_state
2026-05-18 21:09:54,467 - twister - DEBUG - OUTPUT:  PASS - test_reinit_clears_state in 0.000 seconds
2026-05-18 21:09:54,467 - twister - DEBUG - OUTPUT: ===================================================================
2026-05-18 21:09:54,467 - twister - DEBUG - OUTPUT: START - test_reinit_clears_state
2026-05-18 21:09:54,467 - twister - DEBUG - OUTPUT:  PASS - test_reinit_clears_state in 0.000 seconds
2026-05-18 21:09:54,467 - twister - DEBUG - OUTPUT: ===================================================================
2026-05-18 21:09:54,468 - twister - DEBUG - OUTPUT: START - test_fresh_state
2026-05-18 21:09:54,468 - twister - DEBUG - OUTPUT:  PASS - test_fresh_state in 0.000 seconds
2026-05-18 21:09:54,468 - twister - DEBUG - OUTPUT: ===================================================================
2026-05-18 21:09:54,468 - twister - DEBUG - OUTPUT: TESTSUITE ring_buf_init succeeded
2026-05-18 21:09:54,468 - twister - DEBUG - OUTPUT: Running TESTSUITE ring_buf_init
2026-05-18 21:09:54,468 - twister - DEBUG - OUTPUT: ===================================================================
2026-05-18 21:09:54,468 - twister - DEBUG - OUTPUT: START - test_fresh_state
2026-05-18 21:09:54,468 - twister - DEBUG - OUTPUT:  PASS - test_fresh_state in 0.000 seconds
2026-05-18 21:09:54,468 - twister - DEBUG - OUTPUT: ===================================================================
2026-05-18 21:09:54,469 - twister - DEBUG - OUTPUT: START - test_reinit_clears_state
2026-05-18 21:09:54,469 - twister - DEBUG - OUTPUT:  PASS - test_reinit_clears_state in 0.000 seconds
2026-05-18 21:09:54,469 - twister - DEBUG - OUTPUT: ===================================================================
2026-05-18 21:09:54,469 - twister - DEBUG - OUTPUT: START - test_fresh_state
2026-05-18 21:09:54,469 - twister - DEBUG - OUTPUT:  PASS - test_fresh_state in 0.000 seconds
2026-05-18 21:09:54,469 - twister - DEBUG - OUTPUT: ===================================================================
2026-05-18 21:09:54,469 - twister - DEBUG - OUTPUT: START - test_reinit_clears_state
2026-05-18 21:09:54,470 - twister - DEBUG - OUTPUT:  PASS - test_reinit_clears_state in 0.000 seconds
2026-05-18 21:09:54,470 - twister - DEBUG - OUTPUT: ===================================================================
2026-05-18 21:09:54,470 - twister - DEBUG - OUTPUT: START - test_reinit_clears_state
2026-05-18 21:09:54,470 - twister - DEBUG - OUTPUT:  PASS - test_reinit_clears_state in 0.000 seconds
2026-05-18 21:09:54,470 - twister - DEBUG - OUTPUT: ===================================================================
2026-05-18 21:09:54,470 - twister - DEBUG - OUTPUT: START - test_fresh_state
2026-05-18 21:09:54,470 - twister - DEBUG - OUTPUT:  PASS - test_fresh_state in 0.000 seconds
2026-05-18 21:09:54,470 - twister - DEBUG - OUTPUT: ===================================================================
2026-05-18 21:09:54,470 - twister - DEBUG - OUTPUT: TESTSUITE ring_buf_init succeeded
2026-05-18 21:09:54,471 - twister - DEBUG - OUTPUT: Running TESTSUITE ring_buf_push_pop
2026-05-18 21:09:54,471 - twister - DEBUG - OUTPUT: ===================================================================
2026-05-18 21:09:54,471 - twister - DEBUG - OUTPUT: START - test_push_full_returns_enospc
2026-05-18 21:09:54,471 - twister - DEBUG - OUTPUT: [00:00:00.000,000] [1;33m<wrn> ring_buf: buffer full (capacity=4)[0m
2026-05-18 21:09:54,471 - twister - DEBUG - OUTPUT:  PASS - test_push_full_returns_enospc in 0.000 seconds
2026-05-18 21:09:54,471 - twister - DEBUG - OUTPUT: ===================================================================
2026-05-18 21:09:54,471 - twister - DEBUG - OUTPUT: START - test_single_push_pop
2026-05-18 21:09:54,472 - twister - DEBUG - OUTPUT:  PASS - test_single_push_pop in 0.000 seconds
2026-05-18 21:09:54,472 - twister - DEBUG - OUTPUT: ===================================================================
2026-05-18 21:09:54,472 - twister - DEBUG - OUTPUT: START - test_fifo_order
2026-05-18 21:09:54,472 - twister - DEBUG - OUTPUT:  PASS - test_fifo_order in 0.000 seconds
2026-05-18 21:09:54,472 - twister - DEBUG - OUTPUT: ===================================================================
2026-05-18 21:09:54,472 - twister - DEBUG - OUTPUT: START - test_push_full_returns_enospc
2026-05-18 21:09:54,472 - twister - DEBUG - OUTPUT: [00:00:00.000,000] [1;33m<wrn> ring_buf: buffer full (capacity=4)[0m
2026-05-18 21:09:54,473 - twister - DEBUG - OUTPUT:  PASS - test_push_full_returns_enospc in 0.000 seconds
2026-05-18 21:09:54,473 - twister - DEBUG - OUTPUT: ===================================================================
2026-05-18 21:09:54,473 - twister - DEBUG - OUTPUT: START - test_fifo_order
2026-05-18 21:09:54,473 - twister - DEBUG - OUTPUT:  PASS - test_fifo_order in 0.000 seconds
2026-05-18 21:09:54,473 - twister - DEBUG - OUTPUT: ===================================================================
2026-05-18 21:09:54,473 - twister - DEBUG - OUTPUT: START - test_single_push_pop
2026-05-18 21:09:54,473 - twister - DEBUG - OUTPUT:  PASS - test_single_push_pop in 0.000 seconds
2026-05-18 21:09:54,474 - twister - DEBUG - OUTPUT: ===================================================================
2026-05-18 21:09:54,474 - twister - DEBUG - OUTPUT: START - test_single_push_pop
2026-05-18 21:09:54,474 - twister - DEBUG - OUTPUT:  PASS - test_single_push_pop in 0.000 seconds
2026-05-18 21:09:54,474 - twister - DEBUG - OUTPUT: ===================================================================
2026-05-18 21:09:54,474 - twister - DEBUG - OUTPUT: START - test_push_full_returns_enospc
2026-05-18 21:09:54,475 - twister - DEBUG - OUTPUT: [00:00:00.000,000] [1;33m<wrn> ring_buf: buffer full (capacity=4)[0m
2026-05-18 21:09:54,475 - twister - DEBUG - OUTPUT:  PASS - test_push_full_returns_enospc in 0.000 seconds
2026-05-18 21:09:54,475 - twister - DEBUG - OUTPUT: ===================================================================
2026-05-18 21:09:54,475 - twister - DEBUG - OUTPUT: START - test_fifo_order
2026-05-18 21:09:54,475 - twister - DEBUG - OUTPUT:  PASS - test_fifo_order in 0.000 seconds
2026-05-18 21:09:54,476 - twister - DEBUG - OUTPUT: ===================================================================
2026-05-18 21:09:54,476 - twister - DEBUG - OUTPUT: TESTSUITE ring_buf_push_pop succeeded
2026-05-18 21:09:54,476 - twister - DEBUG - OUTPUT: Running TESTSUITE ring_buf_push_pop
2026-05-18 21:09:54,476 - twister - DEBUG - OUTPUT: ===================================================================
2026-05-18 21:09:54,476 - twister - DEBUG - OUTPUT: START - test_push_full_returns_enospc
2026-05-18 21:09:54,476 - twister - DEBUG - OUTPUT: [00:00:00.000,000] [1;33m<wrn> ring_buf: buffer full (capacity=4)[0m
2026-05-18 21:09:54,476 - twister - DEBUG - OUTPUT:  PASS - test_push_full_returns_enospc in 0.000 seconds
2026-05-18 21:09:54,477 - twister - DEBUG - OUTPUT: ===================================================================
2026-05-18 21:09:54,477 - twister - DEBUG - OUTPUT: START - test_single_push_pop
2026-05-18 21:09:54,477 - twister - DEBUG - OUTPUT:  PASS - test_single_push_pop in 0.000 seconds
2026-05-18 21:09:54,477 - twister - DEBUG - OUTPUT: ===================================================================
2026-05-18 21:09:54,477 - twister - DEBUG - OUTPUT: START - test_fifo_order
2026-05-18 21:09:54,477 - twister - DEBUG - OUTPUT:  PASS - test_fifo_order in 0.000 seconds
2026-05-18 21:09:54,477 - twister - DEBUG - OUTPUT: ===================================================================
2026-05-18 21:09:54,477 - twister - DEBUG - OUTPUT: START - test_fifo_order
2026-05-18 21:09:54,478 - twister - DEBUG - OUTPUT:  PASS - test_fifo_order in 0.000 seconds
2026-05-18 21:09:54,478 - twister - DEBUG - OUTPUT: ===================================================================
2026-05-18 21:09:54,478 - twister - DEBUG - OUTPUT: START - test_push_full_returns_enospc
2026-05-18 21:09:54,478 - twister - DEBUG - OUTPUT: [00:00:00.000,000] [1;33m<wrn> ring_buf: buffer full (capacity=4)[0m
2026-05-18 21:09:54,478 - twister - DEBUG - OUTPUT:  PASS - test_push_full_returns_enospc in 0.000 seconds
2026-05-18 21:09:54,478 - twister - DEBUG - OUTPUT: ===================================================================
2026-05-18 21:09:54,478 - twister - DEBUG - OUTPUT: START - test_single_push_pop
2026-05-18 21:09:54,478 - twister - DEBUG - OUTPUT:  PASS - test_single_push_pop in 0.000 seconds
2026-05-18 21:09:54,479 - twister - DEBUG - OUTPUT: ===================================================================
2026-05-18 21:09:54,479 - twister - DEBUG - OUTPUT: START - test_fifo_order
2026-05-18 21:09:54,479 - twister - DEBUG - OUTPUT:  PASS - test_fifo_order in 0.000 seconds
2026-05-18 21:09:54,479 - twister - DEBUG - OUTPUT: ===================================================================
2026-05-18 21:09:54,479 - twister - DEBUG - OUTPUT: START - test_push_full_returns_enospc
2026-05-18 21:09:54,479 - twister - DEBUG - OUTPUT: [00:00:00.000,000] [1;33m<wrn> ring_buf: buffer full (capacity=4)[0m
2026-05-18 21:09:54,479 - twister - DEBUG - OUTPUT:  PASS - test_push_full_returns_enospc in 0.000 seconds
2026-05-18 21:09:54,479 - twister - DEBUG - OUTPUT: ===================================================================
2026-05-18 21:09:54,480 - twister - DEBUG - OUTPUT: START - test_single_push_pop
2026-05-18 21:09:54,480 - twister - DEBUG - OUTPUT:  PASS - test_single_push_pop in 0.000 seconds
2026-05-18 21:09:54,480 - twister - DEBUG - OUTPUT: ===================================================================
2026-05-18 21:09:54,480 - twister - DEBUG - OUTPUT: TESTSUITE ring_buf_push_pop succeeded
2026-05-18 21:09:54,480 - twister - DEBUG - OUTPUT: Running TESTSUITE ring_buf_push_pop
2026-05-18 21:09:54,480 - twister - DEBUG - OUTPUT: ===================================================================
2026-05-18 21:09:54,480 - twister - DEBUG - OUTPUT: START - test_single_push_pop
2026-05-18 21:09:54,480 - twister - DEBUG - OUTPUT:  PASS - test_single_push_pop in 0.000 seconds
2026-05-18 21:09:54,481 - twister - DEBUG - OUTPUT: ===================================================================
2026-05-18 21:09:54,481 - twister - DEBUG - OUTPUT: START - test_fifo_order
2026-05-18 21:09:54,481 - twister - DEBUG - OUTPUT:  PASS - test_fifo_order in 0.000 seconds
2026-05-18 21:09:54,481 - twister - DEBUG - OUTPUT: ===================================================================
2026-05-18 21:09:54,481 - twister - DEBUG - OUTPUT: START - test_push_full_returns_enospc
2026-05-18 21:09:54,481 - twister - DEBUG - OUTPUT: [00:00:00.000,000] [1;33m<wrn> ring_buf: buffer full (capacity=4)[0m
2026-05-18 21:09:54,481 - twister - DEBUG - OUTPUT:  PASS - test_push_full_returns_enospc in 0.000 seconds
2026-05-18 21:09:54,481 - twister - DEBUG - OUTPUT: ===================================================================
2026-05-18 21:09:54,482 - twister - DEBUG - OUTPUT: START - test_single_push_pop
2026-05-18 21:09:54,482 - twister - DEBUG - OUTPUT:  PASS - test_single_push_pop in 0.000 seconds
2026-05-18 21:09:54,482 - twister - DEBUG - OUTPUT: ===================================================================
2026-05-18 21:09:54,482 - twister - DEBUG - OUTPUT: START - test_push_full_returns_enospc
2026-05-18 21:09:54,482 - twister - DEBUG - OUTPUT: [00:00:00.000,000] [1;33m<wrn> ring_buf: buffer full (capacity=4)[0m
2026-05-18 21:09:54,482 - twister - DEBUG - OUTPUT:  PASS - test_push_full_returns_enospc in 0.000 seconds
2026-05-18 21:09:54,482 - twister - DEBUG - OUTPUT: ===================================================================
2026-05-18 21:09:54,482 - twister - DEBUG - OUTPUT: START - test_fifo_order
2026-05-18 21:09:54,482 - twister - DEBUG - OUTPUT:  PASS - test_fifo_order in 0.000 seconds
2026-05-18 21:09:54,483 - twister - DEBUG - OUTPUT: ===================================================================
2026-05-18 21:09:54,483 - twister - DEBUG - OUTPUT: START - test_single_push_pop
2026-05-18 21:09:54,483 - twister - DEBUG - OUTPUT:  PASS - test_single_push_pop in 0.000 seconds
2026-05-18 21:09:54,483 - twister - DEBUG - OUTPUT: ===================================================================
2026-05-18 21:09:54,483 - twister - DEBUG - OUTPUT: START - test_push_full_returns_enospc
2026-05-18 21:09:54,483 - twister - DEBUG - OUTPUT: [00:00:00.000,000] [1;33m<wrn> ring_buf: buffer full (capacity=4)[0m
2026-05-18 21:09:54,483 - twister - DEBUG - OUTPUT:  PASS - test_push_full_returns_enospc in 0.000 seconds
2026-05-18 21:09:54,483 - twister - DEBUG - OUTPUT: ===================================================================
2026-05-18 21:09:54,483 - twister - DEBUG - OUTPUT: START - test_fifo_order
2026-05-18 21:09:54,484 - twister - DEBUG - OUTPUT:  PASS - test_fifo_order in 0.000 seconds
2026-05-18 21:09:54,484 - twister - DEBUG - OUTPUT: ===================================================================
2026-05-18 21:09:54,484 - twister - DEBUG - OUTPUT: TESTSUITE ring_buf_push_pop succeeded
2026-05-18 21:09:54,484 - twister - DEBUG - OUTPUT: 
2026-05-18 21:09:54,484 - twister - DEBUG - OUTPUT: ------ TESTSUITE SUMMARY START ------
2026-05-18 21:09:54,484 - twister - DEBUG - OUTPUT: 
2026-05-18 21:09:54,484 - twister - DEBUG - OUTPUT: SUITE PASS - 100.00% [ring_buf_boundaries]: pass = 3, fail = 0, skip = 0, total = 3 duration = 0.000 seconds
2026-05-18 21:09:54,485 - twister - DEBUG - OUTPUT:  - PASS - [ring_buf_boundaries.test_is_full_after_fill] duration = 0.000 seconds
2026-05-18 21:09:54,485 - twister - DEBUG - OUTPUT:  - PASS - [ring_buf_boundaries.test_peek_does_not_consume] duration = 0.000 seconds
2026-05-18 21:09:54,485 - twister - DEBUG - OUTPUT:  - PASS - [ring_buf_boundaries.test_pop_null_returns_einval] duration = 0.000 seconds
2026-05-18 21:09:54,485 - twister - DEBUG - OUTPUT: 
2026-05-18 21:09:54,485 - twister - DEBUG - OUTPUT: SUITE PASS - 100.00% [ring_buf_init]: pass = 2, fail = 0, skip = 0, total = 2 duration = 0.000 seconds
2026-05-18 21:09:54,485 - twister - DEBUG - OUTPUT:  - PASS - [ring_buf_init.test_fresh_state] duration = 0.000 seconds
2026-05-18 21:09:54,486 - twister - DEBUG - OUTPUT:  - PASS - [ring_buf_init.test_reinit_clears_state] duration = 0.000 seconds
2026-05-18 21:09:54,486 - twister - DEBUG - OUTPUT: 
2026-05-18 21:09:54,486 - twister - DEBUG - OUTPUT: SUITE PASS - 100.00% [ring_buf_push_pop]: pass = 3, fail = 0, skip = 0, total = 3 duration = 0.000 seconds
2026-05-18 21:09:54,486 - twister - DEBUG - OUTPUT:  - PASS - [ring_buf_push_pop.test_fifo_order] duration = 0.000 seconds
2026-05-18 21:09:54,486 - twister - DEBUG - OUTPUT:  - PASS - [ring_buf_push_pop.test_push_full_returns_enospc] duration = 0.000 seconds
2026-05-18 21:09:54,486 - twister - DEBUG - OUTPUT:  - PASS - [ring_buf_push_pop.test_single_push_pop] duration = 0.000 seconds
2026-05-18 21:09:54,486 - twister - DEBUG - OUTPUT: 
2026-05-18 21:09:54,487 - twister - DEBUG - OUTPUT: ------ TESTSUITE SUMMARY END ------
2026-05-18 21:09:54,487 - twister - DEBUG - OUTPUT: 
2026-05-18 21:09:54,487 - twister - DEBUG - OUTPUT: ===================================================================
2026-05-18 21:09:54,487 - twister - DEBUG - OUTPUT: RunID: aa9034d6f4c3264dad614b630bbc29b4
2026-05-18 21:09:54,487 - twister - DEBUG - OUTPUT: PROJECT EXECUTION SUCCESSFUL
2026-05-18 21:09:54,489 - twister - DEBUG - Expected suite names:['ring_buf_init', 'ring_buf_push_pop', 'ring_buf_boundaries']
2026-05-18 21:09:54,489 - twister - DEBUG - Detected suite names:['ring_buf_boundaries', 'ring_buf_init', 'ring_buf_push_pop']
2026-05-18 21:09:54,489 - twister - DEBUG - run status: native_sim/native/host/homework.unit.ring_buf passed
2026-05-18 21:09:54,498 - twister - INFO - 1 test scenarios (1 configurations) selected, 0 configurations filtered (0 by static filter, 0 at runtime).
2026-05-18 21:09:54,498 - twister - INFO - [32m1 of 1[39m executed test configurations passed (100.00%), 0 built (not run), 0 failed, 0 errored, with no warnings in 12.34 seconds.
2026-05-18 21:09:54,498 - twister - INFO - 8 of 8 executed test cases passed (100.00%) on 1 out of total 1115 platforms (0.09%).
2026-05-18 21:09:54,499 - twister - INFO - [32m1[39m test configurations executed on platforms, [36m0[39m test configurations were only built.
2026-05-18 21:09:54,499 - twister - INFO - Saving reports...
2026-05-18 21:09:54,499 - twister - INFO - Writing JSON report /home/luni/workspace/zephyr-course/twister-out/twister.json
2026-05-18 21:09:54,505 - twister - INFO - Writing xunit report /home/luni/workspace/zephyr-course/twister-out/twister.xml...
2026-05-18 21:09:54,506 - twister - INFO - Writing xunit report /home/luni/workspace/zephyr-course/twister-out/twister_report.xml...
2026-05-18 21:09:54,507 - twister - INFO - Run completed
